[bitamooz.com/tools/colors/index.html]
[backblue.gif]
[fade.gif]
[index.html]
[bitamooz.com/wp-content/cache/min/1/wp-content/themes/studiare/assets/css/magnific-popup667a.css]
[bitamooz.com/wp-content/themes/studiare/assets/css/select2.min1818.css]
[bitamooz.com/wp-content/cache/background-css/1/bitamooz.com/wp-content/themes/studiare/assets/css/owl.carousel.min3703.css]
[bitamooz.com/wp-content/themes/studiare-child/style1818.css]
[bitamooz.com/wp-content/cache/min/1/wp-content/themes/studiare/assets/css/fonawesomeall.min667a.css]
[bitamooz.com/wp-content/cache/min/1/wp-content/themes/studiare/assets/css/sc-min-hint667a.css]
[bitamooz.com/wp-content/cache/min/1/wp-content/themes/studiare/assets/css/toastr667a.css]
[bitamooz.com/tools/colors/feed/index.html]
[bitamooz.com/wp-content/cache/min/1/wp-content/plugins/rate-my-post/public/css/rate-my-post.min667a.css]
[bitamooz.com/wp-content/cache/min/1/wp-content/plugins/jet-engine/assets/css/frontend667a.css]
[bitamooz.com/wp-content/plugins/hamyar-tools/assets/css/hmyt-ai.min9d52.css]
[bitamooz.com/wp-content/plugins/hamyar-tools/assets/css/hmyt-ai-dark.min9d52.css]
[bitamooz.com/wp-content/plugins/hamyar-tools/assets/css/ui-handler.min9d52.css]
[bitamooz.com/wp-content/cache/min/1/wp-content/plugins/spotplayer-2/shop667a.css]
[bitamooz.com/wp-content/cache/min/1/wp-content/plugins/widget-audio-player-bitamooz/assets/font-awesome/css/all.min667a.css]
[bitamooz.com/wp-content/cache/min/1/wp-content/plugins/studiare-core/includes/css/rtl-studiare-front667a.css]
[bitamooz.com/wp-content/cache/min/1/wp-content/plugins/bitamooz-article-widgets/public/css/article-box667a.css]
[bitamooz.com/wp-content/cache/min/1/wp-content/plugins/hamyar-tools/assets/css/hmyt-comment667a.css]
[bitamooz.com/wp-content/cache/background-css/1/bitamooz.com/wp-content/cache/min/1/wp-content/themes/studiare/assets/css/studiareb7ab.css]
[bitamooz.com/wp-content/cache/background-css/1/bitamooz.com/wp-content/cache/min/1/wp-content/themes/studiare/assets/css/woocommerceb7ab.css]
[bitamooz.com/wp-content/plugins/elementor/assets/css/frontend.min4189.css]
[bitamooz.com/wp-content/plugins/elementor-pro/assets/css/conditionals/popup.min3a05.css]
[bitamooz.com/wp-content/plugins/elementor/assets/css/widget-image-rtl.min4189.css]
[bitamooz.com/wp-content/plugins/elementor-pro/assets/css/widget-search-rtl.min3a05.css]
[bitamooz.com/wp-content/plugins/elementor-pro/assets/css/widget-nav-menu-rtl.min3a05.css]
[bitamooz.com/wp-content/plugins/elementor/assets/css/widget-icon-list-rtl.min4189.css]
[bitamooz.com/wp-content/plugins/elementor/assets/css/widget-nested-tabs-rtl.min4189.css]
[bitamooz.com/wp-content/plugins/elementor-pro/assets/css/widget-off-canvas-rtl.min3a05.css]
[bitamooz.com/wp-content/plugins/elementor/assets/css/widget-social-icons-rtl.min4189.css]
[bitamooz.com/wp-content/plugins/elementor/assets/css/conditionals/apple-webkit.min4189.css]
[bitamooz.com/wp-content/uploads/elementor/css/post-2679f06b.css]
[bitamooz.com/wp-content/cache/min/1/wp-content/plugins/elementor-pro/assets/css/frontend-custom-rtl667a.css]
[bitamooz.com/wp-content/plugins/elementor/assets/css/widget-heading-rtl.min4189.css]
[bitamooz.com/wp-content/plugins/elementor/assets/css/widget-accordion-rtl.min4189.css]
[bitamooz.com/wp-content/cache/min/1/wp-content/plugins/elementor/assets/lib/swiper/v8/css/swiper.min667a.css]
[bitamooz.com/wp-content/plugins/elementor/assets/css/conditionals/e-swiper.min4189.css]
[bitamooz.com/wp-content/uploads/elementor/css/post-1680038a1.css]
[bitamooz.com/wp-content/uploads/elementor/css/post-19403f06b.css]
[bitamooz.com/wp-content/uploads/elementor/css/post-14190f06b.css]
[bitamooz.com/wp-content/uploads/elementor/css/post-14392f06b.css]
[bitamooz.com/wp-content/cache/min/1/wp-content/themes/studiare-child/assets/css/stlA667a.css]
[bitamooz.com/wp-content/cache/min/1/wp-content/themes/studiare/assets/css/suncode-player667a.css]
[bitamooz.com/wp-content/plugins/hamyar-tools/assets/js/hmyt-layout-manager9d52.js]
[bitamooz.com/wp-includes/js/jquery/jquery.minf43b.js]
[bitamooz.com/wp-includes/js/jquery/jquery-migrate.min5589.js]
[bitamooz.com/wp-content/plugins/woocommerce/assets/js/jquery-blockui/jquery.blockUI.min4957.js]
[bitamooz.com/wp-content/plugins/woocommerce/assets/js/frontend/add-to-cart.minef10.js]
[bitamooz.com/wp-content/plugins/woocommerce/assets/js/js-cookie/js.cookie.min37d8.js]
[bitamooz.com/wp-content/plugins/woocommerce/assets/js/frontend/woocommerce.minef10.js]
[bitamooz.com/wp-content/plugins/woocommerce/assets/js/frontend/cart-fragments.minef10.js]
[cdn.yektanet.com/rg_woebegone/scripts_v3/LSXQmkJY/rg.completeec92.js]
[bitamooz.com/wp-content/uploads/2025/09/cropped-FavIcon-32x32.png]
[bitamooz.com/wp-content/uploads/2025/09/cropped-FavIcon-192x192.png]
[bitamooz.com/wp-content/uploads/2025/09/cropped-FavIcon-180x180.png]
[bitamooz.com/wp-content/themes/studiare/assets/css/owl.video.play.png]
[bitamooz.com/wp-content/themes/studiare/assets/images/aparat-light.png]
[bitamooz.com/wp-content/themes/studiare/assets/images/aparat.png]
[bitamooz.com/wp-content/themes/studiare/assets/css/assets/images/icons/favicon.png]
[bitamooz.com/wp-content/themes/studiare/assets/images/icon-back-OWL.png]
[bitamooz.com/wp-content/themes/studiare/assets/images/discont_badge.png]
[bitamooz.com/wp-content/themes/studiare/assets/images/comibg-soon-1.png]
[bitamooz.com/wp-content/themes/studiare/assets/images/full-capacity-bg.png]
[bitamooz.com/wp-content/plugins/wp-rocket/assets/img/youtube.png]
[bitamooz.com/wp-content/cache/min/1/wp-content/themes/studiare-child/assets/tools-colors/css38a1.css]
[bitamooz.com/wp-content/themes/studiare-child/assets/tools-colors/jsc8c4.js]
[bitamooz.com/wp-content/plugins/hamyar-tools/assets/img/hmyt-avatar.png]
[bitamooz.com/wp-content/plugins/hamyar-tools/assets/js/hmyt-ai-front.min9d52.js]
[bitamooz.com/wp-content/plugins/hamyar-tools/assets/js/marked.min38f2.js]
[bitamooz.com/wp-content/plugins/hamyar-tools/assets/js/ui-handler.min9d52.js]
[bitamooz.com/wp-content/plugins/rate-my-post/public/js/rate-my-post.min3428.js]
[bitamooz.com/wp-content/plugins/hamyar-tools/assets/js/hmyt-comment9d52.js]
[bitamooz.com/wp-content/themes/studiare/assets/js/vendor/jquery.magnific-popup.min1818.js]
[bitamooz.com/wp-content/themes/studiare/assets/js/vendor/theia-sticky-sidebar.min1818.js]
[bitamooz.com/wp-content/themes/studiare/assets/js/vendor/jquery.appear1818.js]
[bitamooz.com/wp-content/themes/studiare/assets/js/vendor/owl.carousel.min531b.js]
[bitamooz.com/wp-content/themes/studiare/assets/js/vendor/imagesloaded.pkgd.min1818.js]
[bitamooz.com/wp-content/themes/studiare/assets/js/vendor/packery.pkgd.min50fa.js]
[bitamooz.com/wp-content/themes/studiare/assets/js/vendor/jquery.countTo1818.js]
[bitamooz.com/wp-content/themes/studiare/assets/js/vendor/countdown1818.js]
[bitamooz.com/wp-content/themes/studiare/assets/js/global1818.js]
[bitamooz.com/wp-content/themes/studiare/assets/js/vendor/toastr1818.js]
[bitamooz.com/wp-includes/js/comment-reply.min1818.js]
[bitamooz.com/wp-content/plugins/elementor/assets/js/webpack.runtime.min4189.js]
[bitamooz.com/wp-content/plugins/elementor/assets/js/frontend-modules.min4189.js]
[bitamooz.com/wp-includes/js/jquery/ui/core.min0a10.js]
[bitamooz.com/wp-content/plugins/elementor/assets/js/frontend.min4189.js]
[bitamooz.com/wp-content/plugins/elementor-pro/assets/lib/smartmenus/jquery.smartmenus.min1576.js]
[bitamooz.com/wp-content/plugins/elementor/assets/lib/swiper/v8/swiper.min94a4.js]
[bitamooz.com/wp-content/plugins/woocommerce/assets/js/sourcebuster/sourcebuster.minef10.js]
[bitamooz.com/wp-content/plugins/woocommerce/assets/js/frontend/order-attribution.minef10.js]
[bitamooz.com/wp-content/themes/studiare/assets/js/suncode-player8a54.js]
[bitamooz.com/wp-content/plugins/elementor-pro/assets/js/webpack-pro.runtime.min3a05.js]
[bitamooz.com/wp-includes/js/dist/hooks.min4ce2.js]
[bitamooz.com/wp-includes/js/dist/i18n.min99af.js]
[bitamooz.com/wp-content/plugins/elementor-pro/assets/js/frontend.min3a05.js]
[bitamooz.com/wp-content/plugins/elementor-pro/assets/js/elements-handlers.min3a05.js]
[bitamooz.com/wp-content/plugins/wp-rocket/assets/js/lazyload/17.8.3/lazyload.min.js]
[bitamooz.com/tools/colors/index.html]
[bitamooz.com/wp-content/cache/min/1/wp-content/themes/studiare/assets/css/magnific-popup667a.css]
[bitamooz.com/wp-content/themes/studiare/assets/css/select2.min1818.css]
[bitamooz.com/wp-content/cache/background-css/1/bitamooz.com/wp-content/themes/studiare/assets/css/owl.carousel.min3703.css]
[bitamooz.com/wp-content/themes/studiare-child/style1818.css]
[bitamooz.com/wp-content/cache/min/1/wp-content/themes/studiare/assets/css/fonawesomeall.min667a.css]
[bitamooz.com/wp-content/cache/min/1/wp-content/themes/studiare/assets/css/sc-min-hint667a.css]
[bitamooz.com/wp-content/cache/min/1/wp-content/themes/studiare/assets/css/toastr667a.css]
[bitamooz.com/wp-content/cache/min/1/wp-content/plugins/rate-my-post/public/css/rate-my-post.min667a.css]
[bitamooz.com/wp-content/cache/min/1/wp-content/plugins/jet-engine/assets/css/frontend667a.css]
[bitamooz.com/wp-content/plugins/hamyar-tools/assets/css/hmyt-ai.min9d52.css]
[bitamooz.com/wp-content/plugins/hamyar-tools/assets/css/hmyt-ai-dark.min9d52.css]
[bitamooz.com/wp-content/plugins/hamyar-tools/assets/css/ui-handler.min9d52.css]
[bitamooz.com/wp-content/cache/min/1/wp-content/plugins/spotplayer-2/shop667a.css]
[bitamooz.com/wp-content/cache/min/1/wp-content/plugins/widget-audio-player-bitamooz/assets/font-awesome/css/all.min667a.css]
[bitamooz.com/wp-content/cache/min/1/wp-content/plugins/studiare-core/includes/css/rtl-studiare-front667a.css]
[bitamooz.com/wp-content/cache/min/1/wp-content/plugins/bitamooz-article-widgets/public/css/article-box667a.css]
[bitamooz.com/wp-content/cache/min/1/wp-content/plugins/hamyar-tools/assets/css/hmyt-comment667a.css]
[bitamooz.com/wp-content/cache/background-css/1/bitamooz.com/wp-content/cache/min/1/wp-content/themes/studiare/assets/css/studiareb7ab.css]
[bitamooz.com/wp-content/cache/background-css/1/bitamooz.com/wp-content/cache/min/1/wp-content/themes/studiare/assets/css/woocommerceb7ab.css]
[bitamooz.com/wp-content/plugins/elementor/assets/lib/animations/styles/fadeIn.min4189.css]
[bitamooz.com/wp-content/plugins/elementor/assets/css/frontend.min4189.css]
[bitamooz.com/wp-content/plugins/elementor-pro/assets/css/conditionals/popup.min3a05.css]
[bitamooz.com/wp-content/plugins/elementor/assets/css/widget-image-rtl.min4189.css]
[bitamooz.com/wp-content/plugins/elementor-pro/assets/css/widget-search-rtl.min3a05.css]
[bitamooz.com/wp-content/plugins/elementor-pro/assets/css/widget-nav-menu-rtl.min3a05.css]
[bitamooz.com/wp-content/plugins/elementor/assets/css/widget-icon-list-rtl.min4189.css]
[bitamooz.com/wp-content/plugins/elementor/assets/css/widget-nested-tabs-rtl.min4189.css]
[bitamooz.com/wp-content/plugins/elementor/assets/lib/animations/styles/slideInRight.min4189.css]
[bitamooz.com/wp-content/plugins/elementor-pro/assets/css/widget-off-canvas-rtl.min3a05.css]
[bitamooz.com/wp-content/plugins/elementor/assets/css/widget-social-icons-rtl.min4189.css]
[bitamooz.com/wp-content/plugins/elementor/assets/css/conditionals/apple-webkit.min4189.css]
[bitamooz.com/wp-content/uploads/elementor/css/post-2679f06b.css]
[bitamooz.com/wp-content/cache/min/1/wp-content/plugins/elementor-pro/assets/css/frontend-custom-rtl667a.css]
[bitamooz.com/wp-content/plugins/elementor/assets/css/widget-heading-rtl.min4189.css]
[bitamooz.com/wp-content/plugins/elementor/assets/css/widget-accordion-rtl.min4189.css]
[bitamooz.com/wp-content/cache/min/1/wp-content/plugins/elementor/assets/lib/swiper/v8/css/swiper.min667a.css]
[bitamooz.com/wp-content/plugins/elementor/assets/css/conditionals/e-swiper.min4189.css]
[bitamooz.com/wp-content/uploads/elementor/css/post-1680038a1.css]
[bitamooz.com/wp-content/uploads/elementor/css/post-19403f06b.css]
[bitamooz.com/wp-content/uploads/elementor/css/post-14190f06b.css]
[bitamooz.com/wp-content/uploads/elementor/css/post-14392f06b.css]
[bitamooz.com/wp-content/cache/min/1/wp-content/themes/studiare-child/assets/css/stlA667a.css]
[bitamooz.com/wp-content/cache/min/1/wp-content/themes/studiare/assets/css/suncode-player667a.css]
[bitamooz.com/wp-content/themes/studiare/assets/css/owl.video.play.html]
[bitamooz.com/wp-content/themes/studiare/assets/css/assets/images/icons/favicon.html]
[bitamooz.com/wp-content/cache/min/1/wp-content/themes/studiare-child/assets/tools-colors/css38a1.css]
[bitamooz.com/wp-content/uploads/redux/custom-fonts/fonts7a8a.css]
[localhost/wpdev/studiare/wp-content/uploads/sites/8/2014/01/spectacles.gif]
[i.ytimg.com/vi/ID/hqdefault.jpg]
